###############################################################################
#
# IAR ELF Linker V8.30.2.160/W32 for ARM                  23/Nov/2018  18:47:06
# Copyright 2007-2018 IAR Systems AB.
#
#    Output file  =  \\Mac\Home\Desktop\HexapodFW\Debug\Exe\LEDBlinker.out
#    Map file     =  \\Mac\Home\Desktop\HexapodFW\Debug\List\LEDBlinker.map
#    Command line =  
#        -f C:\Users\vladik\AppData\Local\Temp\EWB2FD.tmp
#        (\\Mac\Home\Desktop\HexapodFW\Debug\Obj\ADC.o
#        \\Mac\Home\Desktop\HexapodFW\Debug\Obj\cstartup_M.o
#        \\Mac\Home\Desktop\HexapodFW\Debug\Obj\GPIO.o
#        \\Mac\Home\Desktop\HexapodFW\Debug\Obj\I2C.o
#        \\Mac\Home\Desktop\HexapodFW\Debug\Obj\main.o
#        \\Mac\Home\Desktop\HexapodFW\Debug\Obj\PCA9685.o
#        \\Mac\Home\Desktop\HexapodFW\Debug\Obj\Timer.o --no_out_extension -o
#        \\Mac\Home\Desktop\HexapodFW\Debug\Exe\LEDBlinker.out --redirect
#        _Printf=_PrintfFullNoMb --redirect _Scanf=_ScanfFullNoMb --map
#        \\Mac\Home\Desktop\HexapodFW\Debug\List\LEDBlinker.map --config
#        "C:\Program Files (x86)\IAR Systems\Embedded Workbench
#        8.1\arm\config\linker\TexasInstruments\TM4C123GH6.icf" --semihosting
#        --entry __iar_program_start --vfe --text_out locale)
#
###############################################################################

*******************************************************************************
*** RUNTIME MODEL ATTRIBUTES
***

CppFlavor       = *
__SystemLibrary = DLib
__dlib_version  = 6


*******************************************************************************
*** HEAP SELECTION
***

The basic heap was selected because some modules are built with
size limitations (and not runtime checking), and --advanced_heap
was not specified.


*******************************************************************************
*** PLACEMENT SUMMARY
***

"A0":  place at 0x0 { ro section .intvec };
"P1":  place in [from 0x0 to 0x3'ffff] { ro };
define block CSTACK with size = 4K, alignment = 8 { };
define block HEAP with size = 8K, alignment = 8 { };
"P2":  place in [from 0x2000'0000 to 0x2000'7fff] {
          rw, block CSTACK, block HEAP };

  Section          Kind         Address    Size  Object
  -------          ----         -------    ----  ------
"A0":                                      0xc0
  .intvec          const            0x0    0xc0  cstartup_M.o [1]
                                 - 0xc0    0xc0

"P1":                                    0x1004
  .text            ro code         0xc0   0x2e8  PCA9685.o [1]
  .text            ro code        0x3a8   0x18c  I2C.o [1]
  .text            ro code        0x534    0x48  FltToDbl.o [3]
  .text            ro code        0x57c    0x68  floor.o [3]
  .text            ro code        0x5e4    0x3a  DblToS32.o [3]
  .text            ro code        0x61e    0x3a  zero_init3.o [4]
  .text            ro code        0x658   0x1a2  DblMul.o [3]
  .text            ro code        0x7fa     0x2  cstartup_M.o [1]
  .text            ro code        0x7fc   0x17a  DblAdd.o [3]
  .text            ro code        0x976     0x2  cstartup_M.o [1]
  .text            ro code        0x978    0x68  DblToFlt.o [3]
  .text            ro code        0x9e0   0x246  DblDiv.o [3]
  .text            ro code        0xc26     0x2  cstartup_M.o [1]
  .text            ro code        0xc28    0xe2  DblSub.o [3]
  .text            ro code        0xd0a     0x2  cstartup_M.o [1]
  .text            ro code        0xd0c   0x19c  ADC.o [1]
  .text            ro code        0xea8    0x50  GPIO.o [1]
  .text            ro code        0xef8    0x64  Timer.o [1]
  .text            ro code        0xf5c    0xac  main.o [1]
  .text            ro code       0x1008    0x28  data_init.o [4]
  .text            ro code       0x1030    0x22  fpinit_M.o [3]
  .iar.init_table  const         0x1054    0x10  - Linker created -
  .text            ro code       0x1064     0x2  cstartup_M.o [1]
  .text            ro code       0x1068    0x1e  cmain.o [4]
  .text            ro code       0x1086     0x4  low_level_init.o [2]
  .text            ro code       0x108a     0x4  exit.o [2]
  .text            ro code       0x108e     0x2  cstartup_M.o [1]
  .text            ro code       0x1090     0xa  cexit.o [4]
  .text            ro code       0x109a     0x2  cstartup_M.o [1]
  .text            ro code       0x109c    0x14  exit.o [5]
  .text            ro code       0x10b0    0x10  cstartup_M.o [1]
  .text            ro code       0x10c0     0x2  cstartup_M.o [1]
  .text            ro code       0x10c2     0x2  cstartup_M.o [1]
  .rodata          const         0x10c4     0x0  zero_init3.o [4]
                               - 0x10c4  0x1004

"P2", part 1 of 2:                          0x4
  .bss             zero     0x2000'0000     0x4  Timer.o [1]
                          - 0x2000'0004     0x4

"P2", part 2 of 2:                       0x1000
  CSTACK                    0x2000'0008  0x1000  <Block>
    CSTACK         uninit   0x2000'0008  0x1000  <Block tail>
                          - 0x2000'1008  0x1000

Unused ranges:

         From           To      Size
         ----           --      ----
       0x10c4     0x3'ffff  0x3'ef3c
  0x2000'0004  0x2000'0007       0x4
  0x2000'1008  0x2000'7fff    0x6ff8


*******************************************************************************
*** INIT TABLE
***

          Address      Size
          -------      ----
Zero (__iar_zero_init3)
    1 destination range, total size 0x4:
          0x2000'0000   0x4



*******************************************************************************
*** MODULE SUMMARY
***

    Module            ro code  ro data  rw data
    ------            -------  -------  -------
command line/config:
    -------------------------------------------
    Total:

\\Mac\Home\Desktop\HexapodFW\Debug\Obj: [1]
    ADC.o                 412
    GPIO.o                 80
    I2C.o                 396
    PCA9685.o             744
    Timer.o               100                 4
    cstartup_M.o           34      192
    main.o                172
    -------------------------------------------
    Total:              1 938      192        4

dl7M_tln.a: [2]
    exit.o                  4
    low_level_init.o        4
    -------------------------------------------
    Total:                  8

m7M_tls.a: [3]
    DblAdd.o              378
    DblDiv.o              582
    DblMul.o              418
    DblSub.o              226
    DblToFlt.o            104
    DblToS32.o             58
    FltToDbl.o             72
    floor.o               104
    fpinit_M.o             34
    -------------------------------------------
    Total:              1 976

rt7M_tl.a: [4]
    cexit.o                10
    cmain.o                30
    data_init.o            40
    zero_init3.o           58
    -------------------------------------------
    Total:                138

shb_l.a: [5]
    exit.o                 20
    -------------------------------------------
    Total:                 20

    Gaps                    2        2
    Linker created                  16    4 096
-----------------------------------------------
    Grand Total:        4 082      210    4 100


*******************************************************************************
*** ENTRY LIST
***

Entry                       Address   Size  Type      Object
-----                       -------   ----  ----      ------
.iar.init_table$$Base        0x1054          --   Gb  - Linker created -
.iar.init_table$$Limit       0x1064          --   Gb  - Linker created -
?main                        0x1069         Code  Gb  cmain.o [4]
ADC0_Handler                  0xd0d  0x164  Code  Gb  ADC.o [1]
CSTACK$$Base            0x2000'0008          --   Gb  - Linker created -
CSTACK$$Limit           0x2000'1008          --   Gb  - Linker created -
GPIO_LED_OFF                  0xee5    0x8  Code  Gb  GPIO.o [1]
GPIO_LED_ON                   0xedb    0xa  Code  Gb  GPIO.o [1]
I2C_InitPort1                 0x3a9   0x3a  Code  Gb  I2C.o [1]
I2C_Read                      0x4af   0x56  Code  Gb  I2C.o [1]
I2C_WriteByte                 0x3e3   0x48  Code  Gb  I2C.o [1]
I2C_WriteBytes                0x42b   0x84  Code  Gb  I2C.o [1]
PCA9685_Init                   0xc1   0x30  Code  Gb  PCA9685.o [1]
PCA9685_Restart                0xf1   0x7c  Code  Gb  PCA9685.o [1]
PCA9685_SetDegreeCycle        0x2ad   0x5a  Code  Gb  PCA9685.o [1]
PCA9685_SetDutyCycle          0x33d   0x6c  Code  Gb  PCA9685.o [1]
PCA9685_UpdatePWMFrequency
                              0x16d   0xee  Code  Gb  PCA9685.o [1]
PCA9685_convertDutyCycleToCounts
                              0x25d   0x50  Code  Gb  PCA9685.o [1]
PortF_Handler                 0xea9   0x32  Code  Gb  GPIO.o [1]
Region$$Table$$Base          0x1054          --   Gb  - Linker created -
Region$$Table$$Limit         0x1064          --   Gb  - Linker created -
TIMEDOUT                0x2000'0000    0x4  Data  Lc  Timer.o [1]
TIMER_ChangeSpeed             0xf0b   0x36  Code  Gb  Timer.o [1]
TimerA_Handler                0xef9   0x12  Code  Gb  Timer.o [1]
__aeabi_d2f                   0x979         Code  Gb  DblToFlt.o [3]
__aeabi_d2iz                  0x5e5         Code  Gb  DblToS32.o [3]
__aeabi_dadd                  0x7fd         Code  Gb  DblAdd.o [3]
__aeabi_ddiv                  0x9e1         Code  Gb  DblDiv.o [3]
__aeabi_dmul                  0x659         Code  Gb  DblMul.o [3]
__aeabi_dsub                  0xc29         Code  Gb  DblSub.o [3]
__aeabi_f2d                   0x535         Code  Gb  FltToDbl.o [3]
__cmain                      0x1069         Code  Gb  cmain.o [4]
__exit                       0x109d   0x14  Code  Gb  exit.o [5]
__iar_dadd                    0xc39         Code  Gb  DblSub.o [3]
__iar_data_init3             0x1009   0x28  Code  Gb  data_init.o [4]
__iar_dsub                    0x80d         Code  Gb  DblAdd.o [3]
__iar_dsubStart               0x81f         Code  Gb  DblAdd.o [3]
__iar_floor64                 0x58d         Code  Gb  floor.o [3]
__iar_init_vfp               0x1031         Code  Gb  fpinit_M.o [3]
__iar_program_start          0x10b1   0x10  Code  Gb  cstartup_M.o [1]
__iar_vfp___iar_floor64
                              0x57d         Code  Gb  floor.o [3]
__iar_vfp_floor               0x57d         Code  Gb  floor.o [3]
__iar_vfp_floorl              0x57d         Code  Gb  floor.o [3]
__iar_zero_init3              0x61f   0x3a  Code  Gb  zero_init3.o [4]
__low_level_init             0x1087    0x4  Code  Gb  low_level_init.o [2]
__vector_table                  0x0   0xc0  Data  Gb  cstartup_M.o [1]
_call_main                   0x1075         Code  Gb  cmain.o [4]
_exit                        0x1091         Code  Gb  cexit.o [4]
_main                        0x1083         Code  Gb  cmain.o [4]
exit                         0x108b    0x4  Code  Gb  exit.o [2]
floor                         0x58d         Code  Gb  floor.o [3]
floorl                        0x58d         Code  Gb  floor.o [3]
main                          0xf5d   0xac  Code  Gb  main.o [1]


[1] = \\Mac\Home\Desktop\HexapodFW\Debug\Obj
[2] = dl7M_tln.a
[3] = m7M_tls.a
[4] = rt7M_tl.a
[5] = shb_l.a

  4 082 bytes of readonly  code memory
    210 bytes of readonly  data memory
  4 100 bytes of readwrite data memory

Errors: none
Warnings: none
